      copy  sample 
First
      djula sample 
Second
