current default is "test-name-with-hyphen"
default
test-name-with-hyphen
